// Jest Snapshot v1, https://goo.gl/fbAQLP

exports[`<ApplyTags /> renders correctly 1`] = `
.c0 {
  display: -webkit-box;
  display: -webkit-flex;
  display: -ms-flexbox;
  display: flex;
  -webkit-flex-direction: column;
  -ms-flex-direction: column;
  flex-direction: column;
  width: 20%;
  height: auto;
  background: rgba(142,214,99,0.17);
  padding: 60px;
}

.c0 h5 {
  font-weight: bold;
  font-size: 20px;
  line-height: 70px;
  color: black;
  margin: 0;
}

.c0 h6 {
  font-weight: bold;
  font-size: 16px;
  line-height: 40px;
  color: black;
  margin: 0;
}

.c1 {
  font-weight: bold;
  font-size: 12px;
  line-height: 24px;
  color: black;
}

.c1 input[type='checkbox'] {
  vertical-align: middle;
  margin-right: 10px;
  cursor: pointer;
}

.c1 input[type='checkbox']:before {
  content: '';
  position: absolute;
  width: 13px;
  height: 13px;
  border-radius: 2px;
  border: 2px solid black;
  background-color: white;
}

.c1 input[type='checkbox']:checked:after {
  content: '';
  position: absolute;
  width: 13px;
  height: 13px;
  border-radius: 2px;
  border: 2px solid black;
  background-color: black;
}

.c1 label {
  display: block;
  margin-top: -24px;
  margin-left: 20px;
}

<div
  className="c0"
>
  <h5>
    Apply Tags
  </h5>
  <h6>
    Design Areas
  </h6>
  <form
    className="c1"
  >
    <div>
      <input
        id="Tag1"
        onChange={[Function]}
        type="checkbox"
      />
      <label
        htmlFor="Tag1"
      >
        Tag1
      </label>
    </div>
    <div>
      <input
        id="Tag2"
        onChange={[Function]}
        type="checkbox"
      />
      <label
        htmlFor="Tag2"
      >
        Tag2
      </label>
    </div>
    <div>
      <input
        id="Tag3"
        onChange={[Function]}
        type="checkbox"
      />
      <label
        htmlFor="Tag3"
      >
        Tag3
      </label>
    </div>
  </form>
  <h6>
    Schools
  </h6>
  <form
    className="c1"
  >
    <div>
      <input
        id="Tag1"
        onChange={[Function]}
        type="checkbox"
      />
      <label
        htmlFor="Tag1"
      >
        Tag1
      </label>
    </div>
    <div>
      <input
        id="Tag2"
        onChange={[Function]}
        type="checkbox"
      />
      <label
        htmlFor="Tag2"
      >
        Tag2
      </label>
    </div>
    <div>
      <input
        id="Tag3"
        onChange={[Function]}
        type="checkbox"
      />
      <label
        htmlFor="Tag3"
      >
        Tag3
      </label>
    </div>
  </form>
</div>
`;

exports[`<ApplyTags /> renders correctly with no design area tags 1`] = `
.c0 {
  display: -webkit-box;
  display: -webkit-flex;
  display: -ms-flexbox;
  display: flex;
  -webkit-flex-direction: column;
  -ms-flex-direction: column;
  flex-direction: column;
  width: 20%;
  height: auto;
  background: rgba(142,214,99,0.17);
  padding: 60px;
}

.c0 h5 {
  font-weight: bold;
  font-size: 20px;
  line-height: 70px;
  color: black;
  margin: 0;
}

.c0 h6 {
  font-weight: bold;
  font-size: 16px;
  line-height: 40px;
  color: black;
  margin: 0;
}

.c1 {
  font-weight: bold;
  font-size: 12px;
  line-height: 24px;
  color: black;
}

.c1 input[type='checkbox'] {
  vertical-align: middle;
  margin-right: 10px;
  cursor: pointer;
}

.c1 input[type='checkbox']:before {
  content: '';
  position: absolute;
  width: 13px;
  height: 13px;
  border-radius: 2px;
  border: 2px solid black;
  background-color: white;
}

.c1 input[type='checkbox']:checked:after {
  content: '';
  position: absolute;
  width: 13px;
  height: 13px;
  border-radius: 2px;
  border: 2px solid black;
  background-color: black;
}

.c1 label {
  display: block;
  margin-top: -24px;
  margin-left: 20px;
}

<div
  className="c0"
>
  <h5>
    Apply Tags
  </h5>
  <h6>
    Design Areas
  </h6>
  <form
    className="c1"
  />
  <h6>
    Schools
  </h6>
  <form
    className="c1"
  >
    <div>
      <input
        id="Tag1"
        onChange={[Function]}
        type="checkbox"
      />
      <label
        htmlFor="Tag1"
      >
        Tag1
      </label>
    </div>
    <div>
      <input
        id="Tag2"
        onChange={[Function]}
        type="checkbox"
      />
      <label
        htmlFor="Tag2"
      >
        Tag2
      </label>
    </div>
    <div>
      <input
        id="Tag3"
        onChange={[Function]}
        type="checkbox"
      />
      <label
        htmlFor="Tag3"
      >
        Tag3
      </label>
    </div>
  </form>
</div>
`;

exports[`<ApplyTags /> renders correctly with no school tags 1`] = `
.c0 {
  display: -webkit-box;
  display: -webkit-flex;
  display: -ms-flexbox;
  display: flex;
  -webkit-flex-direction: column;
  -ms-flex-direction: column;
  flex-direction: column;
  width: 20%;
  height: auto;
  background: rgba(142,214,99,0.17);
  padding: 60px;
}

.c0 h5 {
  font-weight: bold;
  font-size: 20px;
  line-height: 70px;
  color: black;
  margin: 0;
}

.c0 h6 {
  font-weight: bold;
  font-size: 16px;
  line-height: 40px;
  color: black;
  margin: 0;
}

.c1 {
  font-weight: bold;
  font-size: 12px;
  line-height: 24px;
  color: black;
}

.c1 input[type='checkbox'] {
  vertical-align: middle;
  margin-right: 10px;
  cursor: pointer;
}

.c1 input[type='checkbox']:before {
  content: '';
  position: absolute;
  width: 13px;
  height: 13px;
  border-radius: 2px;
  border: 2px solid black;
  background-color: white;
}

.c1 input[type='checkbox']:checked:after {
  content: '';
  position: absolute;
  width: 13px;
  height: 13px;
  border-radius: 2px;
  border: 2px solid black;
  background-color: black;
}

.c1 label {
  display: block;
  margin-top: -24px;
  margin-left: 20px;
}

<div
  className="c0"
>
  <h5>
    Apply Tags
  </h5>
  <h6>
    Design Areas
  </h6>
  <form
    className="c1"
  >
    <div>
      <input
        id="Tag1"
        onChange={[Function]}
        type="checkbox"
      />
      <label
        htmlFor="Tag1"
      >
        Tag1
      </label>
    </div>
    <div>
      <input
        id="Tag2"
        onChange={[Function]}
        type="checkbox"
      />
      <label
        htmlFor="Tag2"
      >
        Tag2
      </label>
    </div>
    <div>
      <input
        id="Tag3"
        onChange={[Function]}
        type="checkbox"
      />
      <label
        htmlFor="Tag3"
      >
        Tag3
      </label>
    </div>
  </form>
  <h6>
    Schools
  </h6>
  <form
    className="c1"
  />
</div>
`;
